[www.silverwingtechnologies.com/git/160120116002/index.html]
[backblue.gif]
[fade.gif]
[index.html]
[www.silverwingtechnologies.com/git/160120116002/assets/images/003.jpg]
[www.silverwingtechnologies.com/git/160120116002/images/ajax-loader-white.gif]
[www.silverwingtechnologies.com/git/160120116002/assets/js/jquery.min.js]
[www.silverwingtechnologies.com/git/160120116002/assets/js/bootstrap.min.js]
[www.silverwingtechnologies.com/git/160120116002/assets/js/detectmobilebrowser.min.js]
[www.silverwingtechnologies.com/git/160120116002/assets/js/plugins.min.js]
[www.silverwingtechnologies.com/git/160120116002/assets/js/main.min.js]
[www.silverwingtechnologies.com/git/160120116002/assets/js/animation.min.js]
[www.silverwingtechnologies.com/git/160120116002/assets/js/switch-style.js]
[www.silverwingtechnologies.com/git/160120116002/index.html]
[www.silverwingtechnologies.com/git/160120116002/assets/fonts/glyphicons-halflings-regular.html]
[www.silverwingtechnologies.com/git/160120116002/assets/fonts/glyphicons-halflings-regulard41dd41d.html]
[www.silverwingtechnologies.com/git/160120116002/assets/fonts/glyphicons-halflings-regular-2.html]
[www.silverwingtechnologies.com/git/160120116002/assets/fonts/glyphicons-halflings-regular-3.html]
[www.silverwingtechnologies.com/git/160120116002/assets/fonts/glyphicons-halflings-regular-4.html]
[www.silverwingtechnologies.com/git/160120116002/assets/fonts/glyphicons-halflings-regular-5.html]
[www.silverwingtechnologies.com/git/160120116002/assets/css/bootstrap.min.css]
[www.silverwingtechnologies.com/git/160120116002/assets/fonts/icomoon256e256e.eot]
[www.silverwingtechnologies.com/git/160120116002/assets/fonts/icomoon256e256e.ttf]
[www.silverwingtechnologies.com/git/160120116002/assets/fonts/icomoon256e256e.woff]
[www.silverwingtechnologies.com/git/160120116002/assets/css/icomoon.min.css]
[www.silverwingtechnologies.com/git/160120116002/assets/fonts/fontawesome-webfont5b625b62.eot]
[www.silverwingtechnologies.com/git/160120116002/assets/fonts/fontawesome-webfontd41dd41d.eot]
[www.silverwingtechnologies.com/git/160120116002/assets/fonts/fontawesome-webfont5b625b62.woff]
[www.silverwingtechnologies.com/git/160120116002/assets/fonts/fontawesome-webfont5b625b62.ttf]
[www.silverwingtechnologies.com/git/160120116002/assets/fonts/fontawesome-webfont5b625b62.html]
[www.silverwingtechnologies.com/git/160120116002/assets/css/font-awesome.min.css]
[www.silverwingtechnologies.com/git/160120116002/assets/css/jpreloader.min.css]
[www.silverwingtechnologies.com/git/160120116002/assets/css/animate.min.css]
[www.silverwingtechnologies.com/git/160120116002/assets/css/magnific-popup.min.css]
[www.silverwingtechnologies.com/git/160120116002/assets/css/fonts/flexslider-icon.html]
[www.silverwingtechnologies.com/git/160120116002/assets/css/fonts/flexslider-icond41dd41d.html]
[www.silverwingtechnologies.com/git/160120116002/assets/css/fonts/flexslider-icon-2.html]
[www.silverwingtechnologies.com/git/160120116002/assets/css/fonts/flexslider-icon-3.html]
[www.silverwingtechnologies.com/git/160120116002/assets/css/fonts/flexslider-icon-4.html]
[www.silverwingtechnologies.com/git/160120116002/assets/css/flexslider.min.css]
[www.silverwingtechnologies.com/git/160120116002/assets/images/bg-hero.jpg]
[www.silverwingtechnologies.com/git/160120116002/assets/images/bg-pattern.png]
[www.silverwingtechnologies.com/git/160120116002/assets/images/bg-strengths.jpg]
[www.silverwingtechnologies.com/git/160120116002/assets/images/bg-references.jpg]
[www.silverwingtechnologies.com/git/160120116002/assets/images/bg-milestones.jpg]
[www.silverwingtechnologies.com/git/160120116002/assets/css/berg.min.css]
[www.silverwingtechnologies.com/git/160120116002/assets/css/switch-style.css]
[www.silverwingtechnologies.com/git/160120116002/images/ajax-loader-white.html]
[www.silverwingtechnologies.com/git/160120116002/assets/fonts/glyphicons-halflings-regular.html]
[www.silverwingtechnologies.com/git/160120116002/assets/fonts/glyphicons-halflings-regulard41dd41d.html]
[www.silverwingtechnologies.com/git/160120116002/assets/fonts/glyphicons-halflings-regular-2.html]
[www.silverwingtechnologies.com/git/160120116002/assets/fonts/glyphicons-halflings-regular-3.html]
[www.silverwingtechnologies.com/git/160120116002/assets/fonts/glyphicons-halflings-regular-4.html]
[www.silverwingtechnologies.com/git/160120116002/assets/fonts/glyphicons-halflings-regular-5.html]
[www.silverwingtechnologies.com/git/160120116002/assets/fonts/icomoon256e256e.svg]
[www.silverwingtechnologies.com/git/160120116002/assets/fonts/fontawesome-webfont5b625b62.html]
[www.silverwingtechnologies.com/git/160120116002/assets/fonts/fontawesome-webfont5b625b62.svg]
[www.silverwingtechnologies.com/git/160120116002/assets/css/fonts/flexslider-icon.html]
[www.silverwingtechnologies.com/git/160120116002/assets/css/fonts/flexslider-icond41dd41d.html]
[www.silverwingtechnologies.com/git/160120116002/assets/css/fonts/flexslider-icon-2.html]
[www.silverwingtechnologies.com/git/160120116002/assets/css/fonts/flexslider-icon-3.html]
[www.silverwingtechnologies.com/git/160120116002/assets/css/fonts/flexslider-icon-4.html]
